[n9_k4_m5] v5 — target=15000, seed=999, log2h=[4.0,23.0], P=(4,5)

[n9_k4_m5] 50/15000  accept=19.6%  rejected=205  elapsed=47s  eta=14173s
  bin counts: [0 0 0 0 2 3 4 3 4 4 3 6 4 5 3 3 4 2]
[n9_k4_m5] 100/15000  accept=12.7%  rejected=685  elapsed=142s  eta=21215s
  bin counts: [0 0 0 3 5 7 6 8 7 5 6 8 10 8 7 6 7 7]
[n9_k4_m5] 150/15000  accept=8.9%  rejected=1538  elapsed=305s  eta=30211s
  bin counts: [0 0 0 3 9 9 7 12 11 9 12 11 12 14 9 9 14 9]
[n9_k4_m5] 200/15000  accept=6.9%  rejected=2681  elapsed=485s  eta=35864s
  bin counts: [0 0 1 5 11 13 13 17 13 12 16 12 13 15 14 14 18 13]
[n9_k4_m5] 250/15000  accept=6.7%  rejected=3498  elapsed=668s  eta=39413s
  bin counts: [0 0 1 7 11 16 15 20 16 16 18 18 17 20 20 19 20 16]
[n9_k4_m5] 300/15000  accept=5.9%  rejected=4819  elapsed=897s  eta=43941s
  bin counts: [0 0 2 7 13 19 21 21 20 21 21 25 19 24 21 23 22 21]
[n9_k4_m5] 350/15000  accept=5.5%  rejected=5986  elapsed=1095s  eta=45826s
  bin counts: [0 0 2 9 14 21 24 24 22 26 27 30 21 29 24 30 24 23]
[n9_k4_m5] 400/15000  accept=5.1%  rejected=7514  elapsed=1389s  eta=50711s
  bin counts: [0 0 3 12 17 22 28 25 27 27 31 33 23 32 30 31 31 28]
[n9_k4_m5] 450/15000  accept=4.7%  rejected=9100  elapsed=1692s  eta=54713s
  bin counts: [0 0 4 13 18 28 30 30 32 32 34 35 30 33 32 33 34 32]
[n9_k4_m5] 500/15000  accept=4.4%  rejected=10992  elapsed=2013s  eta=58364s
  bin counts: [0 0 4 17 25 30 32 33 36 33 37 38 35 39 37 33 36 35]
[n9_k4_m5] 550/15000  accept=3.9%  rejected=13533  elapsed=2415s  eta=63452s
  bin counts: [0 0 4 17 28 33 34 38 39 38 40 42 41 43 39 39 37 38]
[n9_k4_m5] 600/15000  accept=3.6%  rejected=16107  elapsed=2840s  eta=68153s
  bin counts: [0 0 5 17 29 36 39 41 44 40 43 45 47 46 42 42 40 44]
[n9_k4_m5] 650/15000  accept=3.4%  rejected=18315  elapsed=3159s  eta=69736s
  bin counts: [0 0 6 18 34 38 41 45 47 43 47 48 51 48 48 45 43 48]
[n9_k4_m5] 700/15000  accept=3.2%  rejected=20874  elapsed=3538s  eta=72274s
  bin counts: [0 0 6 21 37 40 45 49 50 47 51 55 53 50 51 48 45 52]
[n9_k4_m5] 750/15000  accept=3.0%  rejected=23920  elapsed=4042s  eta=76801s
  bin counts: [0 0 7 21 40 42 48 54 54 48 52 56 58 57 52 51 54 56]
[n9_k4_m5] 800/15000  accept=2.9%  rejected=26971  elapsed=4558s  eta=80898s
  bin counts: [0 0 8 23 41 46 50 60 58 51 54 59 62 59 56 52 58 63]
[n9_k4_m5] 850/15000  accept=2.8%  rejected=29463  elapsed=4996s  eta=83168s
  bin counts: [0 0 8 23 43 47 51 62 62 58 57 62 66 63 59 56 65 68]
[n9_k4_m5] 900/15000  accept=2.6%  rejected=33156  elapsed=5615s  eta=87966s
  bin counts: [0 0 10 24 45 49 56 66 62 59 62 68 68 68 64 61 67 71]
[n9_k4_m5] 950/15000  accept=2.5%  rejected=36523  elapsed=6295s  eta=93101s
  bin counts: [0 0 11 25 48 54 62 66 66 63 67 69 73 69 69 64 71 73]
[n9_k4_m5] 1000/15000  accept=2.4%  rejected=40121  elapsed=6916s  eta=96820s
  bin counts: [0 0 11 28 49 59 68 67 67 65 73 72 73 75 72 71 74 76]
[n9_k4_m5] 1050/15000  accept=2.4%  rejected=43355  elapsed=7488s  eta=99486s
  bin counts: [0 0 11 31 51 65 71 69 67 69 79 76 77 78 74 76 76 80]
[n9_k4_m5] 1100/15000  accept=2.3%  rejected=47038  elapsed=8149s  eta=102977s
  bin counts: [0 0 11 32 51 67 76 75 74 72 81 78 80 85 75 79 80 84]
[n9_k4_m5] 1150/15000  accept=2.2%  rejected=50411  elapsed=9008s  eta=108484s
  bin counts: [0 0 11 33 52 70 80 79 74 78 83 83 83 88 81 81 86 88]
[n9_k4_m5] 1200/15000  accept=2.1%  rejected=55099  elapsed=9802s  eta=112719s
  bin counts: [0 0 11 35 56 72 83 80 77 82 84 88 89 93 85 87 89 89]
[n9_k4_m5] 1250/15000  accept=2.1%  rejected=59348  elapsed=10531s  eta=115844s
  bin counts: [0 0 11 35 58 73 86 81 81 88 88 92 94 96 88 92 94 93]
[n9_k4_m5] 1300/15000  accept=2.0%  rejected=63586  elapsed=11174s  eta=117757s
  bin counts: [0 0 11 36 60 74 88 85 81 94 94 94 99 97 93 97 95 102]
[n9_k4_m5] 1350/15000  accept=2.0%  rejected=67071  elapsed=11702s  eta=118323s
  bin counts: [0 0 12 36 63 76 90 88 88 95 97 94 104 102 99 99 99 108]
[n9_k4_m5] 1400/15000  accept=1.9%  rejected=71847  elapsed=12478s  eta=121218s
  bin counts: [0 0 12 37 66 79 95 89 92 98 100 101 106 105 100 102 106 112]
[n9_k4_m5] 1450/15000  accept=1.9%  rejected=76842  elapsed=13308s  eta=124359s
  bin counts: [0 0 12 39 70 83 97 90 94 101 107 105 112 108 104 105 108 115]
[n9_k4_m5] 1500/15000  accept=1.8%  rejected=83975  elapsed=14398s  eta=129586s
  bin counts: [0 0 12 39 73 86 102 93 96 104 111 108 113 113 110 110 114 116]
[n9_k4_m5] 1550/15000  accept=1.7%  rejected=88978  elapsed=15203s  eta=131922s
  bin counts: [0 0 12 43 76 87 108 98 101 105 114 112 117 118 112 113 116 118]
[n9_k4_m5] 1600/15000  accept=1.6%  rejected=95438  elapsed=16141s  eta=135183s
  bin counts: [0 0 12 46 77 91 110 103 104 109 118 119 119 122 114 115 119 122]
